
> saudi-manpower-website@1.0.0 start
> react-scripts start

(node:22619) [DEP0176] DeprecationWarning: fs.F_OK is deprecated, use fs.constants.F_OK instead
(Use `node --trace-deprecation ...` to show where the warning was created)
(node:22619) [DEP_WEBPACK_DEV_SERVER_ON_AFTER_SETUP_MIDDLEWARE] DeprecationWarning: 'onAfterSetupMiddleware' option is deprecated. Please use the 'setupMiddlewares' option.
(node:22619) [DEP_WEBPACK_DEV_SERVER_ON_BEFORE_SETUP_MIDDLEWARE] DeprecationWarning: 'onBeforeSetupMiddleware' option is deprecated. Please use the 'setupMiddlewares' option.
Starting the development server...

Compiled successfully!

You can now view saudi-manpower-website in the browser.

  Local:            http://localhost:3000
  On Your Network:  http://192.168.181.135:3000

Note that the development build is not optimized.
To create a production build, use npm run build.

webpack compiled successfully
Compiling...
Compiled successfully!
webpack compiled successfully
Compiling...
Compiled with warnings.

[eslint] 
src/pages/SimpleWebsiteContent.jsx
  Line 1:27:  'useEffect' is defined but never used   no-unused-vars
  Line 2:8:   'ReactQuill' is defined but never used  no-unused-vars

Search for the keywords to learn more about each warning.
To ignore, add // eslint-disable-next-line to the line before.

WARNING in [eslint] 
src/pages/SimpleWebsiteContent.jsx
  Line 1:27:  'useEffect' is defined but never used   no-unused-vars
  Line 2:8:   'ReactQuill' is defined but never used  no-unused-vars

webpack compiled with 1 warning
Compiling...
Compiled with warnings.

[eslint] 
src/pages/SimpleWebsiteContent.jsx
  Line 1:27:   'useEffect' is defined but never used               no-unused-vars
  Line 2:8:    'ReactQuill' is defined but never used              no-unused-vars
  Line 8:10:   'content' is assigned a value but never used        no-unused-vars
  Line 8:19:   'setContent' is assigned a value but never used     no-unused-vars
  Line 15:10:  'hasChanges' is assigned a value but never used     no-unused-vars
  Line 15:22:  'setHasChanges' is assigned a value but never used  no-unused-vars
  Line 16:10:  'saving' is assigned a value but never used         no-unused-vars
  Line 16:18:  'setSaving' is assigned a value but never used      no-unused-vars
  Line 19:9:   'quillModules' is assigned a value but never used   no-unused-vars

Search for the keywords to learn more about each warning.
To ignore, add // eslint-disable-next-line to the line before.

WARNING in [eslint] 
src/pages/SimpleWebsiteContent.jsx
  Line 1:27:   'useEffect' is defined but never used               no-unused-vars
  Line 2:8:    'ReactQuill' is defined but never used              no-unused-vars
  Line 8:10:   'content' is assigned a value but never used        no-unused-vars
  Line 8:19:   'setContent' is assigned a value but never used     no-unused-vars
  Line 15:10:  'hasChanges' is assigned a value but never used     no-unused-vars
  Line 15:22:  'setHasChanges' is assigned a value but never used  no-unused-vars
  Line 16:10:  'saving' is assigned a value but never used         no-unused-vars
  Line 16:18:  'setSaving' is assigned a value but never used      no-unused-vars
  Line 19:9:   'quillModules' is assigned a value but never used   no-unused-vars

webpack compiled with 1 warning
Compiling...
Compiled with warnings.

[eslint] 
src/pages/SimpleWebsiteContent.jsx
  Line 1:27:   'useEffect' is defined but never used                     no-unused-vars
  Line 2:8:    'ReactQuill' is defined but never used                    no-unused-vars
  Line 8:10:   'content' is assigned a value but never used              no-unused-vars
  Line 15:10:  'hasChanges' is assigned a value but never used           no-unused-vars
  Line 16:10:  'saving' is assigned a value but never used               no-unused-vars
  Line 19:9:   'quillModules' is assigned a value but never used         no-unused-vars
  Line 39:9:   'handleContentChange' is assigned a value but never used  no-unused-vars
  Line 48:9:   'handleSaveDraft' is assigned a value but never used      no-unused-vars
  Line 63:9:   'handlePublish' is assigned a value but never used        no-unused-vars
  Line 82:9:   'handlePreview' is assigned a value but never used        no-unused-vars
  Line 87:9:   'handleRevert' is assigned a value but never used         no-unused-vars

Search for the keywords to learn more about each warning.
To ignore, add // eslint-disable-next-line to the line before.

WARNING in [eslint] 
src/pages/SimpleWebsiteContent.jsx
  Line 1:27:   'useEffect' is defined but never used                     no-unused-vars
  Line 2:8:    'ReactQuill' is defined but never used                    no-unused-vars
  Line 8:10:   'content' is assigned a value but never used              no-unused-vars
  Line 15:10:  'hasChanges' is assigned a value but never used           no-unused-vars
  Line 16:10:  'saving' is assigned a value but never used               no-unused-vars
  Line 19:9:   'quillModules' is assigned a value but never used         no-unused-vars
  Line 39:9:   'handleContentChange' is assigned a value but never used  no-unused-vars
  Line 48:9:   'handleSaveDraft' is assigned a value but never used      no-unused-vars
  Line 63:9:   'handlePublish' is assigned a value but never used        no-unused-vars
  Line 82:9:   'handlePreview' is assigned a value but never used        no-unused-vars
  Line 87:9:   'handleRevert' is assigned a value but never used         no-unused-vars

webpack compiled with 1 warning
Compiling...
Compiled with warnings.

[eslint] 
src/pages/SimpleWebsiteContent.jsx
  Line 1:27:   'useEffect' is defined but never used                     no-unused-vars
  Line 2:8:    'ReactQuill' is defined but never used                    no-unused-vars
  Line 8:10:   'content' is assigned a value but never used              no-unused-vars
  Line 16:10:  'saving' is assigned a value but never used               no-unused-vars
  Line 19:9:   'quillModules' is assigned a value but never used         no-unused-vars
  Line 39:9:   'handleContentChange' is assigned a value but never used  no-unused-vars
  Line 48:9:   'handleSaveDraft' is assigned a value but never used      no-unused-vars
  Line 63:9:   'handlePublish' is assigned a value but never used        no-unused-vars
  Line 82:9:   'handlePreview' is assigned a value but never used        no-unused-vars
  Line 87:9:   'handleRevert' is assigned a value but never used         no-unused-vars

Search for the keywords to learn more about each warning.
To ignore, add // eslint-disable-next-line to the line before.

WARNING in [eslint] 
src/pages/SimpleWebsiteContent.jsx
  Line 1:27:   'useEffect' is defined but never used                     no-unused-vars
  Line 2:8:    'ReactQuill' is defined but never used                    no-unused-vars
  Line 8:10:   'content' is assigned a value but never used              no-unused-vars
  Line 16:10:  'saving' is assigned a value but never used               no-unused-vars
  Line 19:9:   'quillModules' is assigned a value but never used         no-unused-vars
  Line 39:9:   'handleContentChange' is assigned a value but never used  no-unused-vars
  Line 48:9:   'handleSaveDraft' is assigned a value but never used      no-unused-vars
  Line 63:9:   'handlePublish' is assigned a value but never used        no-unused-vars
  Line 82:9:   'handlePreview' is assigned a value but never used        no-unused-vars
  Line 87:9:   'handleRevert' is assigned a value but never used         no-unused-vars

webpack compiled with 1 warning
Compiling...
Compiled with warnings.

[eslint] 
src/pages/SimpleWebsiteContent.jsx
  Line 1:27:  'useEffect' is defined but never used                     no-unused-vars
  Line 2:8:   'ReactQuill' is defined but never used                    no-unused-vars
  Line 8:10:  'content' is assigned a value but never used              no-unused-vars
  Line 19:9:  'quillModules' is assigned a value but never used         no-unused-vars
  Line 39:9:  'handleContentChange' is assigned a value but never used  no-unused-vars

Search for the keywords to learn more about each warning.
To ignore, add // eslint-disable-next-line to the line before.

WARNING in [eslint] 
src/pages/SimpleWebsiteContent.jsx
  Line 1:27:  'useEffect' is defined but never used                     no-unused-vars
  Line 2:8:   'ReactQuill' is defined but never used                    no-unused-vars
  Line 8:10:  'content' is assigned a value but never used              no-unused-vars
  Line 19:9:  'quillModules' is assigned a value but never used         no-unused-vars
  Line 39:9:  'handleContentChange' is assigned a value but never used  no-unused-vars

webpack compiled with 1 warning
Compiling...
Compiled with warnings.

[eslint] 
src/pages/SimpleWebsiteContent.jsx
  Line 1:27:  'useEffect' is defined but never used  no-unused-vars

Search for the keywords to learn more about each warning.
To ignore, add // eslint-disable-next-line to the line before.

WARNING in [eslint] 
src/pages/SimpleWebsiteContent.jsx
  Line 1:27:  'useEffect' is defined but never used  no-unused-vars

webpack compiled with 1 warning
