
> saudi-manpower-website@1.0.0 start
> react-scripts start

(node:31089) [DEP0176] DeprecationWarning: fs.F_OK is deprecated, use fs.constants.F_OK instead
(Use `node --trace-deprecation ...` to show where the warning was created)
(node:31089) [DEP_WEBPACK_DEV_SERVER_ON_AFTER_SETUP_MIDDLEWARE] DeprecationWarning: 'onAfterSetupMiddleware' option is deprecated. Please use the 'setupMiddlewares' option.
(node:31089) [DEP_WEBPACK_DEV_SERVER_ON_BEFORE_SETUP_MIDDLEWARE] DeprecationWarning: 'onBeforeSetupMiddleware' option is deprecated. Please use the 'setupMiddlewares' option.
Starting the development server...

Compiled with warnings.

[eslint] 
src/pages/WebsiteContent.jsx
  Line 17:10:  'loading' is assigned a value but never used     no-unused-vars
  Line 17:19:  'setLoading' is assigned a value but never used  no-unused-vars

Search for the keywords to learn more about each warning.
To ignore, add // eslint-disable-next-line to the line before.

WARNING in [eslint] 
src/pages/WebsiteContent.jsx
  Line 17:10:  'loading' is assigned a value but never used     no-unused-vars
  Line 17:19:  'setLoading' is assigned a value but never used  no-unused-vars

webpack compiled with 1 warning
Compiling...
Compiled with warnings.

[eslint] 
src/pages/WebsiteContent.jsx
  Line 17:10:  'loading' is assigned a value but never used     no-unused-vars
  Line 17:19:  'setLoading' is assigned a value but never used  no-unused-vars

Search for the keywords to learn more about each warning.
To ignore, add // eslint-disable-next-line to the line before.

WARNING in [eslint] 
src/pages/WebsiteContent.jsx
  Line 17:10:  'loading' is assigned a value but never used     no-unused-vars
  Line 17:19:  'setLoading' is assigned a value but never used  no-unused-vars

webpack compiled with 1 warning
Compiling...
Compiled with warnings.

[eslint] 
src/admin/components/Settings/APISettings.jsx
  Line 33:6:  React Hook useEffect has a missing dependency: 'formData'. Either include it or remove the dependency array  react-hooks/exhaustive-deps

src/admin/components/Settings/AdminUsers.jsx
  Line 11:10:  'editingUser' is assigned a value but never used                                                               no-unused-vars
  Line 34:6:   React Hook useEffect has a missing dependency: 'fetchUsers'. Either include it or remove the dependency array  react-hooks/exhaustive-deps

src/admin/components/Settings/BackupSettings.jsx
  Line 30:6:  React Hook useEffect has a missing dependency: 'loadBackupHistory'. Either include it or remove the dependency array  react-hooks/exhaustive-deps
  Line 42:6:  React Hook useEffect has a missing dependency: 'formData'. Either include it or remove the dependency array           react-hooks/exhaustive-deps

src/admin/components/Settings/EmailSettings.jsx
  Line 37:6:  React Hook useEffect has a missing dependency: 'formData'. Either include it or remove the dependency array  react-hooks/exhaustive-deps

src/admin/components/Settings/GeneralSettings.jsx
  Line 47:6:  React Hook useEffect has a missing dependency: 'formData'. Either include it or remove the dependency array  react-hooks/exhaustive-deps

src/admin/components/Settings/LanguageSettings.jsx
  Line 28:6:  React Hook useEffect has a missing dependency: 'formData'. Either include it or remove the dependency array  react-hooks/exhaustive-deps

src/admin/components/Settings/SecuritySettings.jsx
  Line 36:6:  React Hook useEffect has a missing dependency: 'formData'. Either include it or remove the dependency array  react-hooks/exhaustive-deps

src/admin/components/Settings/SystemSettings.jsx
  Line 30:6:  React Hook useEffect has a missing dependency: 'loadSystemInfo'. Either include it or remove the dependency array  react-hooks/exhaustive-deps
  Line 42:6:  React Hook useEffect has a missing dependency: 'formData'. Either include it or remove the dependency array        react-hooks/exhaustive-deps

src/admin/components/Settings/WebsiteSettings.jsx
  Line 37:6:  React Hook useEffect has a missing dependency: 'formData'. Either include it or remove the dependency array  react-hooks/exhaustive-deps

src/admin/routes/AdminRoutes.jsx
  Line 15:8:  'Settings' is defined but never used  no-unused-vars

src/hooks/useSettings.js
  Line 46:6:   React Hook useCallback has a missing dependency: 'getAxiosConfig'. Either include it or remove the dependency array  react-hooks/exhaustive-deps
  Line 74:6:   React Hook useCallback has a missing dependency: 'getAxiosConfig'. Either include it or remove the dependency array  react-hooks/exhaustive-deps
  Line 106:6:  React Hook useCallback has a missing dependency: 'getAxiosConfig'. Either include it or remove the dependency array  react-hooks/exhaustive-deps
  Line 143:6:  React Hook useCallback has a missing dependency: 'getAxiosConfig'. Either include it or remove the dependency array  react-hooks/exhaustive-deps
  Line 175:6:  React Hook useCallback has a missing dependency: 'getAxiosConfig'. Either include it or remove the dependency array  react-hooks/exhaustive-deps
  Line 197:6:  React Hook useCallback has a missing dependency: 'getAxiosConfig'. Either include it or remove the dependency array  react-hooks/exhaustive-deps
  Line 220:6:  React Hook useCallback has a missing dependency: 'getAxiosConfig'. Either include it or remove the dependency array  react-hooks/exhaustive-deps
  Line 244:6:  React Hook useCallback has a missing dependency: 'getAxiosConfig'. Either include it or remove the dependency array  react-hooks/exhaustive-deps
  Line 267:6:  React Hook useCallback has a missing dependency: 'getAxiosConfig'. Either include it or remove the dependency array  react-hooks/exhaustive-deps
  Line 291:6:  React Hook useCallback has a missing dependency: 'getAxiosConfig'. Either include it or remove the dependency array  react-hooks/exhaustive-deps

src/pages/WebsiteContent.jsx
  Line 17:10:  'loading' is assigned a value but never used     no-unused-vars
  Line 17:19:  'setLoading' is assigned a value but never used  no-unused-vars

Search for the keywords to learn more about each warning.
To ignore, add // eslint-disable-next-line to the line before.

WARNING in [eslint] 
src/admin/components/Settings/APISettings.jsx
  Line 33:6:  React Hook useEffect has a missing dependency: 'formData'. Either include it or remove the dependency array  react-hooks/exhaustive-deps

src/admin/components/Settings/AdminUsers.jsx
  Line 11:10:  'editingUser' is assigned a value but never used                                                               no-unused-vars
  Line 34:6:   React Hook useEffect has a missing dependency: 'fetchUsers'. Either include it or remove the dependency array  react-hooks/exhaustive-deps

src/admin/components/Settings/BackupSettings.jsx
  Line 30:6:  React Hook useEffect has a missing dependency: 'loadBackupHistory'. Either include it or remove the dependency array  react-hooks/exhaustive-deps
  Line 42:6:  React Hook useEffect has a missing dependency: 'formData'. Either include it or remove the dependency array           react-hooks/exhaustive-deps

src/admin/components/Settings/EmailSettings.jsx
  Line 37:6:  React Hook useEffect has a missing dependency: 'formData'. Either include it or remove the dependency array  react-hooks/exhaustive-deps

src/admin/components/Settings/GeneralSettings.jsx
  Line 47:6:  React Hook useEffect has a missing dependency: 'formData'. Either include it or remove the dependency array  react-hooks/exhaustive-deps

src/admin/components/Settings/LanguageSettings.jsx
  Line 28:6:  React Hook useEffect has a missing dependency: 'formData'. Either include it or remove the dependency array  react-hooks/exhaustive-deps

src/admin/components/Settings/SecuritySettings.jsx
  Line 36:6:  React Hook useEffect has a missing dependency: 'formData'. Either include it or remove the dependency array  react-hooks/exhaustive-deps

src/admin/components/Settings/SystemSettings.jsx
  Line 30:6:  React Hook useEffect has a missing dependency: 'loadSystemInfo'. Either include it or remove the dependency array  react-hooks/exhaustive-deps
  Line 42:6:  React Hook useEffect has a missing dependency: 'formData'. Either include it or remove the dependency array        react-hooks/exhaustive-deps

src/admin/components/Settings/WebsiteSettings.jsx
  Line 37:6:  React Hook useEffect has a missing dependency: 'formData'. Either include it or remove the dependency array  react-hooks/exhaustive-deps

src/admin/routes/AdminRoutes.jsx
  Line 15:8:  'Settings' is defined but never used  no-unused-vars

src/hooks/useSettings.js
  Line 46:6:   React Hook useCallback has a missing dependency: 'getAxiosConfig'. Either include it or remove the dependency array  react-hooks/exhaustive-deps
  Line 74:6:   React Hook useCallback has a missing dependency: 'getAxiosConfig'. Either include it or remove the dependency array  react-hooks/exhaustive-deps
  Line 106:6:  React Hook useCallback has a missing dependency: 'getAxiosConfig'. Either include it or remove the dependency array  react-hooks/exhaustive-deps
  Line 143:6:  React Hook useCallback has a missing dependency: 'getAxiosConfig'. Either include it or remove the dependency array  react-hooks/exhaustive-deps
  Line 175:6:  React Hook useCallback has a missing dependency: 'getAxiosConfig'. Either include it or remove the dependency array  react-hooks/exhaustive-deps
  Line 197:6:  React Hook useCallback has a missing dependency: 'getAxiosConfig'. Either include it or remove the dependency array  react-hooks/exhaustive-deps
  Line 220:6:  React Hook useCallback has a missing dependency: 'getAxiosConfig'. Either include it or remove the dependency array  react-hooks/exhaustive-deps
  Line 244:6:  React Hook useCallback has a missing dependency: 'getAxiosConfig'. Either include it or remove the dependency array  react-hooks/exhaustive-deps
  Line 267:6:  React Hook useCallback has a missing dependency: 'getAxiosConfig'. Either include it or remove the dependency array  react-hooks/exhaustive-deps
  Line 291:6:  React Hook useCallback has a missing dependency: 'getAxiosConfig'. Either include it or remove the dependency array  react-hooks/exhaustive-deps

src/pages/WebsiteContent.jsx
  Line 17:10:  'loading' is assigned a value but never used     no-unused-vars
  Line 17:19:  'setLoading' is assigned a value but never used  no-unused-vars

webpack compiled with 1 warning
Compiling...
Compiled with warnings.

[eslint] 
src/admin/components/Settings/APISettings.jsx
  Line 33:6:  React Hook useEffect has a missing dependency: 'formData'. Either include it or remove the dependency array  react-hooks/exhaustive-deps

src/admin/components/Settings/AdminUsers.jsx
  Line 11:10:  'editingUser' is assigned a value but never used                                                               no-unused-vars
  Line 34:6:   React Hook useEffect has a missing dependency: 'fetchUsers'. Either include it or remove the dependency array  react-hooks/exhaustive-deps

src/admin/components/Settings/BackupSettings.jsx
  Line 30:6:  React Hook useEffect has a missing dependency: 'loadBackupHistory'. Either include it or remove the dependency array  react-hooks/exhaustive-deps
  Line 42:6:  React Hook useEffect has a missing dependency: 'formData'. Either include it or remove the dependency array           react-hooks/exhaustive-deps

src/admin/components/Settings/EmailSettings.jsx
  Line 37:6:  React Hook useEffect has a missing dependency: 'formData'. Either include it or remove the dependency array  react-hooks/exhaustive-deps

src/admin/components/Settings/GeneralSettings.jsx
  Line 47:6:  React Hook useEffect has a missing dependency: 'formData'. Either include it or remove the dependency array  react-hooks/exhaustive-deps

src/admin/components/Settings/LanguageSettings.jsx
  Line 28:6:  React Hook useEffect has a missing dependency: 'formData'. Either include it or remove the dependency array  react-hooks/exhaustive-deps

src/admin/components/Settings/SecuritySettings.jsx
  Line 36:6:  React Hook useEffect has a missing dependency: 'formData'. Either include it or remove the dependency array  react-hooks/exhaustive-deps

src/admin/components/Settings/SystemSettings.jsx
  Line 30:6:  React Hook useEffect has a missing dependency: 'loadSystemInfo'. Either include it or remove the dependency array  react-hooks/exhaustive-deps
  Line 42:6:  React Hook useEffect has a missing dependency: 'formData'. Either include it or remove the dependency array        react-hooks/exhaustive-deps

src/admin/components/Settings/WebsiteSettings.jsx
  Line 37:6:  React Hook useEffect has a missing dependency: 'formData'. Either include it or remove the dependency array  react-hooks/exhaustive-deps

src/hooks/useSettings.js
  Line 46:6:   React Hook useCallback has a missing dependency: 'getAxiosConfig'. Either include it or remove the dependency array  react-hooks/exhaustive-deps
  Line 74:6:   React Hook useCallback has a missing dependency: 'getAxiosConfig'. Either include it or remove the dependency array  react-hooks/exhaustive-deps
  Line 106:6:  React Hook useCallback has a missing dependency: 'getAxiosConfig'. Either include it or remove the dependency array  react-hooks/exhaustive-deps
  Line 143:6:  React Hook useCallback has a missing dependency: 'getAxiosConfig'. Either include it or remove the dependency array  react-hooks/exhaustive-deps
  Line 175:6:  React Hook useCallback has a missing dependency: 'getAxiosConfig'. Either include it or remove the dependency array  react-hooks/exhaustive-deps
  Line 197:6:  React Hook useCallback has a missing dependency: 'getAxiosConfig'. Either include it or remove the dependency array  react-hooks/exhaustive-deps
  Line 220:6:  React Hook useCallback has a missing dependency: 'getAxiosConfig'. Either include it or remove the dependency array  react-hooks/exhaustive-deps
  Line 244:6:  React Hook useCallback has a missing dependency: 'getAxiosConfig'. Either include it or remove the dependency array  react-hooks/exhaustive-deps
  Line 267:6:  React Hook useCallback has a missing dependency: 'getAxiosConfig'. Either include it or remove the dependency array  react-hooks/exhaustive-deps
  Line 291:6:  React Hook useCallback has a missing dependency: 'getAxiosConfig'. Either include it or remove the dependency array  react-hooks/exhaustive-deps

src/pages/WebsiteContent.jsx
  Line 17:10:  'loading' is assigned a value but never used     no-unused-vars
  Line 17:19:  'setLoading' is assigned a value but never used  no-unused-vars

Search for the keywords to learn more about each warning.
To ignore, add // eslint-disable-next-line to the line before.

WARNING in [eslint] 
src/admin/components/Settings/APISettings.jsx
  Line 33:6:  React Hook useEffect has a missing dependency: 'formData'. Either include it or remove the dependency array  react-hooks/exhaustive-deps

src/admin/components/Settings/AdminUsers.jsx
  Line 11:10:  'editingUser' is assigned a value but never used                                                               no-unused-vars
  Line 34:6:   React Hook useEffect has a missing dependency: 'fetchUsers'. Either include it or remove the dependency array  react-hooks/exhaustive-deps

src/admin/components/Settings/BackupSettings.jsx
  Line 30:6:  React Hook useEffect has a missing dependency: 'loadBackupHistory'. Either include it or remove the dependency array  react-hooks/exhaustive-deps
  Line 42:6:  React Hook useEffect has a missing dependency: 'formData'. Either include it or remove the dependency array           react-hooks/exhaustive-deps

src/admin/components/Settings/EmailSettings.jsx
  Line 37:6:  React Hook useEffect has a missing dependency: 'formData'. Either include it or remove the dependency array  react-hooks/exhaustive-deps

src/admin/components/Settings/GeneralSettings.jsx
  Line 47:6:  React Hook useEffect has a missing dependency: 'formData'. Either include it or remove the dependency array  react-hooks/exhaustive-deps

src/admin/components/Settings/LanguageSettings.jsx
  Line 28:6:  React Hook useEffect has a missing dependency: 'formData'. Either include it or remove the dependency array  react-hooks/exhaustive-deps

src/admin/components/Settings/SecuritySettings.jsx
  Line 36:6:  React Hook useEffect has a missing dependency: 'formData'. Either include it or remove the dependency array  react-hooks/exhaustive-deps

src/admin/components/Settings/SystemSettings.jsx
  Line 30:6:  React Hook useEffect has a missing dependency: 'loadSystemInfo'. Either include it or remove the dependency array  react-hooks/exhaustive-deps
  Line 42:6:  React Hook useEffect has a missing dependency: 'formData'. Either include it or remove the dependency array        react-hooks/exhaustive-deps

src/admin/components/Settings/WebsiteSettings.jsx
  Line 37:6:  React Hook useEffect has a missing dependency: 'formData'. Either include it or remove the dependency array  react-hooks/exhaustive-deps

src/hooks/useSettings.js
  Line 46:6:   React Hook useCallback has a missing dependency: 'getAxiosConfig'. Either include it or remove the dependency array  react-hooks/exhaustive-deps
  Line 74:6:   React Hook useCallback has a missing dependency: 'getAxiosConfig'. Either include it or remove the dependency array  react-hooks/exhaustive-deps
  Line 106:6:  React Hook useCallback has a missing dependency: 'getAxiosConfig'. Either include it or remove the dependency array  react-hooks/exhaustive-deps
  Line 143:6:  React Hook useCallback has a missing dependency: 'getAxiosConfig'. Either include it or remove the dependency array  react-hooks/exhaustive-deps
  Line 175:6:  React Hook useCallback has a missing dependency: 'getAxiosConfig'. Either include it or remove the dependency array  react-hooks/exhaustive-deps
  Line 197:6:  React Hook useCallback has a missing dependency: 'getAxiosConfig'. Either include it or remove the dependency array  react-hooks/exhaustive-deps
  Line 220:6:  React Hook useCallback has a missing dependency: 'getAxiosConfig'. Either include it or remove the dependency array  react-hooks/exhaustive-deps
  Line 244:6:  React Hook useCallback has a missing dependency: 'getAxiosConfig'. Either include it or remove the dependency array  react-hooks/exhaustive-deps
  Line 267:6:  React Hook useCallback has a missing dependency: 'getAxiosConfig'. Either include it or remove the dependency array  react-hooks/exhaustive-deps
  Line 291:6:  React Hook useCallback has a missing dependency: 'getAxiosConfig'. Either include it or remove the dependency array  react-hooks/exhaustive-deps

src/pages/WebsiteContent.jsx
  Line 17:10:  'loading' is assigned a value but never used     no-unused-vars
  Line 17:19:  'setLoading' is assigned a value but never used  no-unused-vars

webpack compiled with 1 warning
Compiling...
Compiled with warnings.

[eslint] 
src/admin/components/Settings/APISettings.jsx
  Line 33:6:  React Hook useEffect has a missing dependency: 'formData'. Either include it or remove the dependency array  react-hooks/exhaustive-deps

src/admin/components/Settings/AdminUsers.jsx
  Line 11:10:  'editingUser' is assigned a value but never used                                                               no-unused-vars
  Line 34:6:   React Hook useEffect has a missing dependency: 'fetchUsers'. Either include it or remove the dependency array  react-hooks/exhaustive-deps

src/admin/components/Settings/BackupSettings.jsx
  Line 30:6:  React Hook useEffect has a missing dependency: 'loadBackupHistory'. Either include it or remove the dependency array  react-hooks/exhaustive-deps
  Line 42:6:  React Hook useEffect has a missing dependency: 'formData'. Either include it or remove the dependency array           react-hooks/exhaustive-deps

src/admin/components/Settings/EmailSettings.jsx
  Line 37:6:  React Hook useEffect has a missing dependency: 'formData'. Either include it or remove the dependency array  react-hooks/exhaustive-deps

src/admin/components/Settings/GeneralSettings.jsx
  Line 47:6:  React Hook useEffect has a missing dependency: 'formData'. Either include it or remove the dependency array  react-hooks/exhaustive-deps

src/admin/components/Settings/LanguageSettings.jsx
  Line 28:6:  React Hook useEffect has a missing dependency: 'formData'. Either include it or remove the dependency array  react-hooks/exhaustive-deps

src/admin/components/Settings/SecuritySettings.jsx
  Line 36:6:  React Hook useEffect has a missing dependency: 'formData'. Either include it or remove the dependency array  react-hooks/exhaustive-deps

src/admin/components/Settings/SystemSettings.jsx
  Line 30:6:  React Hook useEffect has a missing dependency: 'loadSystemInfo'. Either include it or remove the dependency array  react-hooks/exhaustive-deps
  Line 42:6:  React Hook useEffect has a missing dependency: 'formData'. Either include it or remove the dependency array        react-hooks/exhaustive-deps

src/admin/components/Settings/WebsiteSettings.jsx
  Line 37:6:  React Hook useEffect has a missing dependency: 'formData'. Either include it or remove the dependency array  react-hooks/exhaustive-deps

src/hooks/useSettings.js
  Line 46:6:   React Hook useCallback has a missing dependency: 'getAxiosConfig'. Either include it or remove the dependency array  react-hooks/exhaustive-deps
  Line 74:6:   React Hook useCallback has a missing dependency: 'getAxiosConfig'. Either include it or remove the dependency array  react-hooks/exhaustive-deps
  Line 106:6:  React Hook useCallback has a missing dependency: 'getAxiosConfig'. Either include it or remove the dependency array  react-hooks/exhaustive-deps
  Line 143:6:  React Hook useCallback has a missing dependency: 'getAxiosConfig'. Either include it or remove the dependency array  react-hooks/exhaustive-deps
  Line 175:6:  React Hook useCallback has a missing dependency: 'getAxiosConfig'. Either include it or remove the dependency array  react-hooks/exhaustive-deps
  Line 197:6:  React Hook useCallback has a missing dependency: 'getAxiosConfig'. Either include it or remove the dependency array  react-hooks/exhaustive-deps
  Line 220:6:  React Hook useCallback has a missing dependency: 'getAxiosConfig'. Either include it or remove the dependency array  react-hooks/exhaustive-deps
  Line 244:6:  React Hook useCallback has a missing dependency: 'getAxiosConfig'. Either include it or remove the dependency array  react-hooks/exhaustive-deps
  Line 267:6:  React Hook useCallback has a missing dependency: 'getAxiosConfig'. Either include it or remove the dependency array  react-hooks/exhaustive-deps
  Line 291:6:  React Hook useCallback has a missing dependency: 'getAxiosConfig'. Either include it or remove the dependency array  react-hooks/exhaustive-deps

src/pages/WebsiteContent.jsx
  Line 17:10:  'loading' is assigned a value but never used     no-unused-vars
  Line 17:19:  'setLoading' is assigned a value but never used  no-unused-vars

Search for the keywords to learn more about each warning.
To ignore, add // eslint-disable-next-line to the line before.

WARNING in [eslint] 
src/admin/components/Settings/APISettings.jsx
  Line 33:6:  React Hook useEffect has a missing dependency: 'formData'. Either include it or remove the dependency array  react-hooks/exhaustive-deps

src/admin/components/Settings/AdminUsers.jsx
  Line 11:10:  'editingUser' is assigned a value but never used                                                               no-unused-vars
  Line 34:6:   React Hook useEffect has a missing dependency: 'fetchUsers'. Either include it or remove the dependency array  react-hooks/exhaustive-deps

src/admin/components/Settings/BackupSettings.jsx
  Line 30:6:  React Hook useEffect has a missing dependency: 'loadBackupHistory'. Either include it or remove the dependency array  react-hooks/exhaustive-deps
  Line 42:6:  React Hook useEffect has a missing dependency: 'formData'. Either include it or remove the dependency array           react-hooks/exhaustive-deps

src/admin/components/Settings/EmailSettings.jsx
  Line 37:6:  React Hook useEffect has a missing dependency: 'formData'. Either include it or remove the dependency array  react-hooks/exhaustive-deps

src/admin/components/Settings/GeneralSettings.jsx
  Line 47:6:  React Hook useEffect has a missing dependency: 'formData'. Either include it or remove the dependency array  react-hooks/exhaustive-deps

src/admin/components/Settings/LanguageSettings.jsx
  Line 28:6:  React Hook useEffect has a missing dependency: 'formData'. Either include it or remove the dependency array  react-hooks/exhaustive-deps

src/admin/components/Settings/SecuritySettings.jsx
  Line 36:6:  React Hook useEffect has a missing dependency: 'formData'. Either include it or remove the dependency array  react-hooks/exhaustive-deps

src/admin/components/Settings/SystemSettings.jsx
  Line 30:6:  React Hook useEffect has a missing dependency: 'loadSystemInfo'. Either include it or remove the dependency array  react-hooks/exhaustive-deps
  Line 42:6:  React Hook useEffect has a missing dependency: 'formData'. Either include it or remove the dependency array        react-hooks/exhaustive-deps

src/admin/components/Settings/WebsiteSettings.jsx
  Line 37:6:  React Hook useEffect has a missing dependency: 'formData'. Either include it or remove the dependency array  react-hooks/exhaustive-deps

src/hooks/useSettings.js
  Line 46:6:   React Hook useCallback has a missing dependency: 'getAxiosConfig'. Either include it or remove the dependency array  react-hooks/exhaustive-deps
  Line 74:6:   React Hook useCallback has a missing dependency: 'getAxiosConfig'. Either include it or remove the dependency array  react-hooks/exhaustive-deps
  Line 106:6:  React Hook useCallback has a missing dependency: 'getAxiosConfig'. Either include it or remove the dependency array  react-hooks/exhaustive-deps
  Line 143:6:  React Hook useCallback has a missing dependency: 'getAxiosConfig'. Either include it or remove the dependency array  react-hooks/exhaustive-deps
  Line 175:6:  React Hook useCallback has a missing dependency: 'getAxiosConfig'. Either include it or remove the dependency array  react-hooks/exhaustive-deps
  Line 197:6:  React Hook useCallback has a missing dependency: 'getAxiosConfig'. Either include it or remove the dependency array  react-hooks/exhaustive-deps
  Line 220:6:  React Hook useCallback has a missing dependency: 'getAxiosConfig'. Either include it or remove the dependency array  react-hooks/exhaustive-deps
  Line 244:6:  React Hook useCallback has a missing dependency: 'getAxiosConfig'. Either include it or remove the dependency array  react-hooks/exhaustive-deps
  Line 267:6:  React Hook useCallback has a missing dependency: 'getAxiosConfig'. Either include it or remove the dependency array  react-hooks/exhaustive-deps
  Line 291:6:  React Hook useCallback has a missing dependency: 'getAxiosConfig'. Either include it or remove the dependency array  react-hooks/exhaustive-deps

src/pages/WebsiteContent.jsx
  Line 17:10:  'loading' is assigned a value but never used     no-unused-vars
  Line 17:19:  'setLoading' is assigned a value but never used  no-unused-vars

webpack compiled with 1 warning
Compiling...
Compiled with warnings.

[eslint] 
src/admin/components/Settings/APISettings.jsx
  Line 33:6:  React Hook useEffect has a missing dependency: 'formData'. Either include it or remove the dependency array  react-hooks/exhaustive-deps

src/admin/components/Settings/AdminUsers.jsx
  Line 11:10:  'editingUser' is assigned a value but never used                                                               no-unused-vars
  Line 34:6:   React Hook useEffect has a missing dependency: 'fetchUsers'. Either include it or remove the dependency array  react-hooks/exhaustive-deps

src/admin/components/Settings/BackupSettings.jsx
  Line 30:6:  React Hook useEffect has a missing dependency: 'loadBackupHistory'. Either include it or remove the dependency array  react-hooks/exhaustive-deps
  Line 42:6:  React Hook useEffect has a missing dependency: 'formData'. Either include it or remove the dependency array           react-hooks/exhaustive-deps

src/admin/components/Settings/EmailSettings.jsx
  Line 37:6:  React Hook useEffect has a missing dependency: 'formData'. Either include it or remove the dependency array  react-hooks/exhaustive-deps

src/admin/components/Settings/GeneralSettings.jsx
  Line 47:6:  React Hook useEffect has a missing dependency: 'formData'. Either include it or remove the dependency array  react-hooks/exhaustive-deps

src/admin/components/Settings/LanguageSettings.jsx
  Line 28:6:  React Hook useEffect has a missing dependency: 'formData'. Either include it or remove the dependency array  react-hooks/exhaustive-deps

src/admin/components/Settings/SecuritySettings.jsx
  Line 36:6:  React Hook useEffect has a missing dependency: 'formData'. Either include it or remove the dependency array  react-hooks/exhaustive-deps

src/admin/components/Settings/SystemSettings.jsx
  Line 30:6:  React Hook useEffect has a missing dependency: 'loadSystemInfo'. Either include it or remove the dependency array  react-hooks/exhaustive-deps
  Line 42:6:  React Hook useEffect has a missing dependency: 'formData'. Either include it or remove the dependency array        react-hooks/exhaustive-deps

src/admin/components/Settings/WebsiteSettings.jsx
  Line 37:6:  React Hook useEffect has a missing dependency: 'formData'. Either include it or remove the dependency array  react-hooks/exhaustive-deps

src/hooks/useSettings.js
  Line 46:6:   React Hook useCallback has a missing dependency: 'getAxiosConfig'. Either include it or remove the dependency array  react-hooks/exhaustive-deps
  Line 74:6:   React Hook useCallback has a missing dependency: 'getAxiosConfig'. Either include it or remove the dependency array  react-hooks/exhaustive-deps
  Line 106:6:  React Hook useCallback has a missing dependency: 'getAxiosConfig'. Either include it or remove the dependency array  react-hooks/exhaustive-deps
  Line 143:6:  React Hook useCallback has a missing dependency: 'getAxiosConfig'. Either include it or remove the dependency array  react-hooks/exhaustive-deps
  Line 175:6:  React Hook useCallback has a missing dependency: 'getAxiosConfig'. Either include it or remove the dependency array  react-hooks/exhaustive-deps
  Line 197:6:  React Hook useCallback has a missing dependency: 'getAxiosConfig'. Either include it or remove the dependency array  react-hooks/exhaustive-deps
  Line 220:6:  React Hook useCallback has a missing dependency: 'getAxiosConfig'. Either include it or remove the dependency array  react-hooks/exhaustive-deps
  Line 244:6:  React Hook useCallback has a missing dependency: 'getAxiosConfig'. Either include it or remove the dependency array  react-hooks/exhaustive-deps
  Line 267:6:  React Hook useCallback has a missing dependency: 'getAxiosConfig'. Either include it or remove the dependency array  react-hooks/exhaustive-deps
  Line 291:6:  React Hook useCallback has a missing dependency: 'getAxiosConfig'. Either include it or remove the dependency array  react-hooks/exhaustive-deps

src/pages/WebsiteContent.jsx
  Line 17:10:  'loading' is assigned a value but never used     no-unused-vars
  Line 17:19:  'setLoading' is assigned a value but never used  no-unused-vars

Search for the keywords to learn more about each warning.
To ignore, add // eslint-disable-next-line to the line before.

WARNING in [eslint] 
src/admin/components/Settings/APISettings.jsx
  Line 33:6:  React Hook useEffect has a missing dependency: 'formData'. Either include it or remove the dependency array  react-hooks/exhaustive-deps

src/admin/components/Settings/AdminUsers.jsx
  Line 11:10:  'editingUser' is assigned a value but never used                                                               no-unused-vars
  Line 34:6:   React Hook useEffect has a missing dependency: 'fetchUsers'. Either include it or remove the dependency array  react-hooks/exhaustive-deps

src/admin/components/Settings/BackupSettings.jsx
  Line 30:6:  React Hook useEffect has a missing dependency: 'loadBackupHistory'. Either include it or remove the dependency array  react-hooks/exhaustive-deps
  Line 42:6:  React Hook useEffect has a missing dependency: 'formData'. Either include it or remove the dependency array           react-hooks/exhaustive-deps

src/admin/components/Settings/EmailSettings.jsx
  Line 37:6:  React Hook useEffect has a missing dependency: 'formData'. Either include it or remove the dependency array  react-hooks/exhaustive-deps

src/admin/components/Settings/GeneralSettings.jsx
  Line 47:6:  React Hook useEffect has a missing dependency: 'formData'. Either include it or remove the dependency array  react-hooks/exhaustive-deps

src/admin/components/Settings/LanguageSettings.jsx
  Line 28:6:  React Hook useEffect has a missing dependency: 'formData'. Either include it or remove the dependency array  react-hooks/exhaustive-deps

src/admin/components/Settings/SecuritySettings.jsx
  Line 36:6:  React Hook useEffect has a missing dependency: 'formData'. Either include it or remove the dependency array  react-hooks/exhaustive-deps

src/admin/components/Settings/SystemSettings.jsx
  Line 30:6:  React Hook useEffect has a missing dependency: 'loadSystemInfo'. Either include it or remove the dependency array  react-hooks/exhaustive-deps
  Line 42:6:  React Hook useEffect has a missing dependency: 'formData'. Either include it or remove the dependency array        react-hooks/exhaustive-deps

src/admin/components/Settings/WebsiteSettings.jsx
  Line 37:6:  React Hook useEffect has a missing dependency: 'formData'. Either include it or remove the dependency array  react-hooks/exhaustive-deps

src/hooks/useSettings.js
  Line 46:6:   React Hook useCallback has a missing dependency: 'getAxiosConfig'. Either include it or remove the dependency array  react-hooks/exhaustive-deps
  Line 74:6:   React Hook useCallback has a missing dependency: 'getAxiosConfig'. Either include it or remove the dependency array  react-hooks/exhaustive-deps
  Line 106:6:  React Hook useCallback has a missing dependency: 'getAxiosConfig'. Either include it or remove the dependency array  react-hooks/exhaustive-deps
  Line 143:6:  React Hook useCallback has a missing dependency: 'getAxiosConfig'. Either include it or remove the dependency array  react-hooks/exhaustive-deps
  Line 175:6:  React Hook useCallback has a missing dependency: 'getAxiosConfig'. Either include it or remove the dependency array  react-hooks/exhaustive-deps
  Line 197:6:  React Hook useCallback has a missing dependency: 'getAxiosConfig'. Either include it or remove the dependency array  react-hooks/exhaustive-deps
  Line 220:6:  React Hook useCallback has a missing dependency: 'getAxiosConfig'. Either include it or remove the dependency array  react-hooks/exhaustive-deps
  Line 244:6:  React Hook useCallback has a missing dependency: 'getAxiosConfig'. Either include it or remove the dependency array  react-hooks/exhaustive-deps
  Line 267:6:  React Hook useCallback has a missing dependency: 'getAxiosConfig'. Either include it or remove the dependency array  react-hooks/exhaustive-deps
  Line 291:6:  React Hook useCallback has a missing dependency: 'getAxiosConfig'. Either include it or remove the dependency array  react-hooks/exhaustive-deps

src/pages/WebsiteContent.jsx
  Line 17:10:  'loading' is assigned a value but never used     no-unused-vars
  Line 17:19:  'setLoading' is assigned a value but never used  no-unused-vars

webpack compiled with 1 warning
The build failed because the process exited too early. This probably means the system ran out of memory or someone called `kill -9` on the process.
